// Jest Snapshot v1, https://goo.gl/fbAQLP

exports[`matches snapshot 1`] = `
<DocumentFragment>
  <div
    class="NewTodoForm"
  >
    <form>
      <div
        class="NewTodoForm-input"
      >
        <label
          for="todo"
        >
          To Do
        </label>
        <input
          id="todo"
          name="todo"
          value=""
        />
      </div>
      <button>
        Add To Do
      </button>
    </form>
  </div>
</DocumentFragment>
`;
