// Jest Snapshot v1, https://goo.gl/fbAQLP

exports[`matches snapshot 1`] = `
<DocumentFragment>
  <div>
    <li>
      <button
        class="Todo-remove-btn"
      >
        X
      </button>
    </li>
  </div>
</DocumentFragment>
`;
