// Jest Snapshot v1, https://goo.gl/fbAQLP

exports[`matches snapshot 1`] = `
<DocumentFragment>
  <div>
    <div
      class="NewBoxForm"
    >
      <form>
        <div
          class="NewBoxForm-input"
        >
          <label
            for="height"
          >
            Height
          </label>
          <input
            id="height"
            name="height"
            value=""
          />
        </div>
        <div
          class="NewBoxForm-input"
        >
          <label
            for="width"
          >
            Width
          </label>
          <input
            id="width"
            name="width"
            value=""
          />
        </div>
        <div
          class="NewBoxForm-input"
        >
          <label
            for="backgroundColor"
          >
            Background Color
          </label>
          <input
            id="backgroundColor"
            name="backgroundColor"
            value=""
          />
        </div>
        <button>
          Add a Box
        </button>
      </form>
    </div>
  </div>
</DocumentFragment>
`;
