// Jest Snapshot v1, https://goo.gl/fbAQLP

exports[`matches snapshot 1`] = `
<DocumentFragment>
  <div
    class="Box"
  >
    <div
      style="width: 5em; height: 5em; background-color: red;"
    />
    <button>
      X
    </button>
  </div>
</DocumentFragment>
`;
